// Jest Snapshot v1, https://goo.gl/fbAQLP

exports[`render <Login /> correctly 1`] = `
<div
  className="login-page"
>
  <div
    className="h-75 d-flex flex-column align-items-center justify-content-center"
  >
    <p
      className="message text-danger mb-3 message--show"
    />
    <ForwardRef(Bootstrap(Form))
      className="text-center w-25 px-5 d-flex flex-column justify-content-center"
    >
      <ForwardRef(Bootstrap(FormGroup))
        controlId="username"
      >
        <ForwardRef(ContextTransform)
          name="username"
          placeholder="Username e.g: Bret"
          type="text"
        />
      </ForwardRef(Bootstrap(FormGroup))>
      <ForwardRef(Bootstrap(FormGroup))
        controlId="email"
      >
        <ForwardRef(ContextTransform)
          name="email"
          placeholder="Email e.g: Sincere@april.biz"
          type="email"
        />
      </ForwardRef(Bootstrap(FormGroup))>
      <ForwardRef(Bootstrap(Button))
        className="mt-sm-2 mx-auto"
        type="button"
        variant="primary"
      >
        Login
      </ForwardRef(Bootstrap(Button))>
    </ForwardRef(Bootstrap(Form))>
  </div>
  <div
    className="h-25 d-flex align-items-center justify-content-center"
  >
    Copyright Â© 2019
  </div>
</div>
`;
