// Jest Snapshot v1, https://goo.gl/fbAQLP

exports[`render <Footer /> correctly 1`] = `
<div
  className="footer"
>
  <p>
    Find me:
  </p>
  <p
    className="d-flex"
  >
    <a
      className="footer__link mr-2 d-flex align-items-center"
      href="https://github.com/alisyahidin"
    >
      <FaGithub
        className="mr-1"
      />
      alisyahidin
    </a>
    <a
      className="footer__link mr-2 d-flex align-items-center"
      href="https://linkedin.com/in/alisyahidin"
    >
      <FaLinkedin
        className="mr-1"
      />
      alisyahidin
    </a>
    <a
      className="footer__link mr-2 d-flex align-items-center"
      href="https://facebook.com/Alisyahidin19"
    >
      <FaFacebook
        className="mr-1"
      />
      alisyahidin19
    </a>
  </p>
  <p
    className="mt-2"
  >
    Coding with Love at Kuningan. Â© 2019
  </p>
</div>
`;
