// Jest Snapshot v1, https://goo.gl/fbAQLP

exports[`render <Users /> correctly 1`] = `
<Fragment>
  <withRouter(NavigationBar) />
  <div
    className="main-content"
  >
    <Users />
  </div>
</Fragment>
`;
