// Jest Snapshot v1, https://goo.gl/fbAQLP

exports[`render <NotFound /> correctly 1`] = `
<div
  className="not-found-page d-flex align-items-center justify-content-center"
>
  <h1>
    Not Found
  </h1>
</div>
`;
