// Jest Snapshot v1, https://goo.gl/fbAQLP

exports[`render <PostForm /> correctly 1`] = `
<ContextConsumer>
  <Component />
</ContextConsumer>
`;
