// Jest Snapshot v1, https://goo.gl/fbAQLP

exports[`render <User /> correctly 1`] = `
<Link
  className="user d-flex align-items-center my-sm-2"
  replace={false}
  to="/profile"
>
  <withAvatarConfig
    className="mr-sm-2"
    round={true}
    size="40px"
  />
  <h4 />
</Link>
`;
