// Jest Snapshot v1, https://goo.gl/fbAQLP

exports[`render <NavigationBar /> correctly 1`] = `
<Route>
  <Component />
</Route>
`;
